// Jest Snapshot v1, https://goo.gl/fbAQLP

exports[`should render correctly 1`] = `
Object {
  "asFragment": [Function],
  "baseElement": .emotion-0 {
  display: grid;
  -webkit-box-pack: stretch;
  -ms-flex-pack: stretch;
  -webkit-justify-content: stretch;
  justify-content: stretch;
  grid-template-columns: 1fr 1fr 1fr 1fr;
  grid-template-rows: 50px calc(100vh - 100px) 50px;
  grid-template-areas: "header header header header" "main main main main" "footer footer footer footer";
}

<body>
    <div>
      <div
        class="emotion-0"
      />
    </div>
  </body>,
  "container": .emotion-0 {
  display: grid;
  -webkit-box-pack: stretch;
  -ms-flex-pack: stretch;
  -webkit-justify-content: stretch;
  justify-content: stretch;
  grid-template-columns: 1fr 1fr 1fr 1fr;
  grid-template-rows: 50px calc(100vh - 100px) 50px;
  grid-template-areas: "header header header header" "main main main main" "footer footer footer footer";
}

<div>
    <div
      class="emotion-0"
    />
  </div>,
  "debug": [Function],
  "findAllByAltText": [Function],
  "findAllByDisplayValue": [Function],
  "findAllByLabelText": [Function],
  "findAllByPlaceholderText": [Function],
  "findAllByRole": [Function],
  "findAllByTestId": [Function],
  "findAllByText": [Function],
  "findAllByTitle": [Function],
  "findByAltText": [Function],
  "findByDisplayValue": [Function],
  "findByLabelText": [Function],
  "findByPlaceholderText": [Function],
  "findByRole": [Function],
  "findByTestId": [Function],
  "findByText": [Function],
  "findByTitle": [Function],
  "getAllByAltText": [Function],
  "getAllByDisplayValue": [Function],
  "getAllByLabelText": [Function],
  "getAllByPlaceholderText": [Function],
  "getAllByRole": [Function],
  "getAllByTestId": [Function],
  "getAllByText": [Function],
  "getAllByTitle": [Function],
  "getByAltText": [Function],
  "getByDisplayValue": [Function],
  "getByLabelText": [Function],
  "getByPlaceholderText": [Function],
  "getByRole": [Function],
  "getByTestId": [Function],
  "getByText": [Function],
  "getByTitle": [Function],
  "queryAllByAltText": [Function],
  "queryAllByDisplayValue": [Function],
  "queryAllByLabelText": [Function],
  "queryAllByPlaceholderText": [Function],
  "queryAllByRole": [Function],
  "queryAllByTestId": [Function],
  "queryAllByText": [Function],
  "queryAllByTitle": [Function],
  "queryByAltText": [Function],
  "queryByDisplayValue": [Function],
  "queryByLabelText": [Function],
  "queryByPlaceholderText": [Function],
  "queryByRole": [Function],
  "queryByTestId": [Function],
  "queryByText": [Function],
  "queryByTitle": [Function],
  "rerender": [Function],
  "unmount": [Function],
}
`;
